C51 COMPILER V9.59.0.0   MASTER_A                                                          05/19/2026 19:16:02 PAGE 1   


C51 COMPILER V9.59.0.0, COMPILATION OF MODULE MASTER_A
OBJECT MODULE PLACED IN master_A.OBJ
COMPILER INVOKED BY: C:\Keil_v5\C51\BIN\C51.EXE master_A.c BROWSE DEBUG OBJECTEXTEND

line level    source

   1          #include <reg51.h>
   2          
   3          typedef unsigned int u16;
   4          typedef unsigned char u8;
   5          
   6          sbit KEY1 = P3^2;
   7          sbit KEY2 = P3^3;
   8          // 普中A2: 7SEG经74HC138驱动 (P1.0=A, P1.1=B, P1.2=C)
   9          // Y0=十位 (P1=0x00), Y1=个位 (P1=0x01)
  10          
  11          u8 code seg_CA[10] = {
  12              0xC0, 0xF9, 0xA4, 0xB0,
  13              0x99, 0x92, 0x82, 0xF8,
  14              0x80, 0x90
  15          };
  16          
  17          u8 disp_val = 0;
  18          
  19          void Delay_ms(u16 ms)
  20          {
  21   1          u16 i, j;
  22   1          for (i = ms; i > 0; i--)
  23   1              for (j = 120; j > 0; j--);
  24   1      }
  25          
  26          void UART_SendByte(u8 dat)
  27          {
  28   1          SBUF = dat;
  29   1          while (!TI);
  30   1          TI = 0;
  31   1      }
  32          
  33          void INT0_ISR(void) interrupt 0
  34          {
  35   1          Delay_ms(20);
  36   1          if (KEY1 == 0) {
  37   2              UART_SendByte(0x11);
  38   2              while (KEY1 == 0);
  39   2              Delay_ms(20);
  40   2          }
  41   1      }
  42          
  43          void INT1_ISR(void) interrupt 2
  44          {
  45   1          Delay_ms(20);
  46   1          if (KEY2 == 0) {
  47   2              UART_SendByte(0x22);
  48   2              while (KEY2 == 0);
  49   2              Delay_ms(20);
  50   2          }
  51   1      }
  52          
  53          void Timer0_ISR(void) interrupt 1
  54          {
  55   1          static u8 scan = 0;
C51 COMPILER V9.59.0.0   MASTER_A                                                          05/19/2026 19:16:02 PAGE 2   

  56   1      
  57   1          TH0 = 0xF8;  TL0 = 0xCD;
  58   1      
  59   1          P0 = 0xFF;                // 消隐
  60   1          P1 = (P1 & 0xF8);         // 关位选 (138: A/B/C=0)
  61   1      
  62   1          scan = !scan;
  63   1          if (scan) {
  64   2              P0 = seg_CA[disp_val / 10];
  65   2              P1 = (P1 & 0xF8) | 0x00;  // 138: Y0 → 十位
  66   2          } else {
  67   2              P0 = seg_CA[disp_val % 10];
  68   2              P1 = (P1 & 0xF8) | 0x01;  // 138: Y1 → 个位
  69   2          }
  70   1      }
  71          
  72          void UART_ISR(void) interrupt 4
  73          {
  74   1          if (RI) {
  75   2              disp_val = SBUF;
  76   2              RI = 0;
  77   2          }
  78   1      }
  79          
  80          void main(void)
  81          {
  82   1          P0 = 0xFF;
  83   1          P1 = 0x00;
  84   1          P2 = 0xFF;
  85   1          P3 = 0xFF;
  86   1      
  87   1          disp_val = 0;
  88   1      
  89   1          TMOD &= 0xF0;
  90   1          TMOD |= 0x01;
  91   1          TH0 = 0xF8;  TL0 = 0xCD;
  92   1          ET0 = 1;  TR0 = 1;
  93   1      
  94   1          TMOD &= 0x0F;
  95   1          TMOD |= 0x20;
  96   1          TH1 = 0xFD;  TL1 = 0xFD;
  97   1          TR1 = 1;
  98   1      
  99   1          SCON = 0x50;  PCON = 0x00;
 100   1          ES = 1;
 101   1      
 102   1          IT0 = 1;  EX0 = 1;
 103   1          IT1 = 1;  EX1 = 1;
 104   1      
 105   1          PX0 = 1;  PX1 = 1;
 106   1          PT0 = 0;  PS = 0;
 107   1      
 108   1          EA = 1;
 109   1      
 110   1          while (1);
 111   1      }


MODULE INFORMATION:   STATIC OVERLAYABLE
   CODE SIZE        =    307    ----
   CONSTANT SIZE    =     10    ----
   XDATA SIZE       =   ----    ----
C51 COMPILER V9.59.0.0   MASTER_A                                                          05/19/2026 19:16:02 PAGE 3   

   PDATA SIZE       =   ----    ----
   DATA SIZE        =      2    ----
   IDATA SIZE       =   ----    ----
   BIT SIZE         =   ----    ----
END OF MODULE INFORMATION.


C51 COMPILATION COMPLETE.  0 WARNING(S),  0 ERROR(S)
